EN practica5_simplificada NULL E:/Practica5/Practica5_simplificada.vhd sub00/vhpl02 1418662674
AR practica5_simplificada behavioral E:/Practica5/Practica5_simplificada.vhd sub00/vhpl03 1418662675
AR practica5 behavioral E:/Practica5/Practica5.vhd sub00/vhpl01 1418661838
EN practica5 NULL E:/Practica5/Practica5.vhd sub00/vhpl00 1418661837
