EN pr6_completo NULL "C:/Documents and Settings/BASICA1/Escritorio/Practica6/Pr6_Completo.vhd" sub00/vhpl06 1421081786
AR antirrebotes a_antirrebotes "C:/Documents and Settings/BASICA1/Escritorio/Practica6/Antirebote.vhd" sub00/vhpl03 1421081783
AR pr6_completo behavioral "C:/Documents and Settings/BASICA1/Escritorio/Practica6/Pr6_Completo.vhd" sub00/vhpl07 1421081787
EN practica6 NULL "C:/Documents and Settings/BASICA1/Escritorio/Practica6/Practica6.vhd" sub00/vhpl04 1421081784
EN antirrebotes NULL "C:/Documents and Settings/BASICA1/Escritorio/Practica6/Antirebote.vhd" sub00/vhpl02 1421081782
EN biestable_t NULL "C:/Documents and Settings/BASICA1/Escritorio/Practica6/Biestable_T.vhd" sub00/vhpl00 1421081780
AR biestable_t behavioral "C:/Documents and Settings/BASICA1/Escritorio/Practica6/Biestable_T.vhd" sub00/vhpl01 1421081781
AR practica6 behavioral "C:/Documents and Settings/BASICA1/Escritorio/Practica6/Practica6.vhd" sub00/vhpl05 1421081785
