Release 14.2 - xst P.28xd (nt)
Copyright (c) 1995-2012 Xilinx, Inc.  All rights reserved.
--> Parameter TMPDIR set to xst/projnav.tmp


Total REAL time to Xst completion: 0.00 secs
Total CPU time to Xst completion: 0.16 secs
 
--> Parameter xsthdpdir set to xst


Total REAL time to Xst completion: 0.00 secs
Total CPU time to Xst completion: 0.16 secs
 
--> Reading design: ANTIRREBOTES.prj

TABLE OF CONTENTS
  1) Synthesis Options Summary
  2) HDL Compilation
  3) Design Hierarchy Analysis
  4) HDL Analysis
  5) HDL Synthesis
     5.1) HDL Synthesis Report
  6) Advanced HDL Synthesis
     6.1) Advanced HDL Synthesis Report
  7) Low Level Synthesis
  8) Partition Report
  9) Final Report
	9.1) Device utilization summary
	9.2) Partition Resource Summary
	9.3) TIMING REPORT


=========================================================================
*                      Synthesis Options Summary                        *
=========================================================================
---- Source Parameters
Input File Name                    : "ANTIRREBOTES.prj"
Input Format                       : mixed
Ignore Synthesis Constraint File   : NO

---- Target Parameters
Output File Name                   : "ANTIRREBOTES"
Output Format                      : NGC
Target Device                      : xc3s500e-4-fg320

---- Source Options
Top Module Name                    : ANTIRREBOTES
Automatic FSM Extraction           : YES
FSM Encoding Algorithm             : Auto
Safe Implementation                : No
FSM Style                          : LUT
RAM Extraction                     : Yes
RAM Style                          : Auto
ROM Extraction                     : Yes
Mux Style                          : Auto
Decoder Extraction                 : YES
Priority Encoder Extraction        : Yes
Shift Register Extraction          : YES
Logical Shifter Extraction         : YES
XOR Collapsing                     : YES
ROM Style                          : Auto
Mux Extraction                     : Yes
Resource Sharing                   : YES
Asynchronous To Synchronous        : NO
Multiplier Style                   : Auto
Automatic Register Balancing       : No

---- Target Options
Add IO Buffers                     : YES
Global Maximum Fanout              : 100000
Add Generic Clock Buffer(BUFG)     : 24
Register Duplication               : YES
Slice Packing                      : YES
Optimize Instantiated Primitives   : NO
Use Clock Enable                   : Yes
Use Synchronous Set                : Yes
Use Synchronous Reset              : Yes
Pack IO Registers into IOBs        : Auto
Equivalent register Removal        : YES

---- General Options
Optimization Goal                  : Speed
Optimization Effort                : 1
Keep Hierarchy                     : No
Netlist Hierarchy                  : As_Optimized
RTL Output                         : Yes
Global Optimization                : AllClockNets
Read Cores                         : YES
Write Timing Constraints           : NO
Cross Clock Analysis               : NO
Hierarchy Separator                : /
Bus Delimiter                      : <>
Case Specifier                     : Maintain
Slice Utilization Ratio            : 100
BRAM Utilization Ratio             : 100
Verilog 2001                       : YES
Auto BRAM Packing                  : NO
Slice Utilization Ratio Delta      : 5

=========================================================================


=========================================================================
*                          HDL Compilation                              *
=========================================================================
WARNING:HDLParsers:3607 - Unit work/ANTIRREBOTES is now defined in a different file.  It was defined in "E:/Practica6/Antirebote.vhd", and is now defined in "C:/Documents and Settings/BASICA1/Escritorio/Practica6/Antirebote.vhd".
WARNING:HDLParsers:3607 - Unit work/ANTIRREBOTES/A_ANTIRREBOTES is now defined in a different file.  It was defined in "E:/Practica6/Antirebote.vhd", and is now defined in "C:/Documents and Settings/BASICA1/Escritorio/Practica6/Antirebote.vhd".
Compiling vhdl file "C:/Documents and Settings/BASICA1/Escritorio/Practica6/Antirebote.vhd" in Library work.
Architecture a_antirrebotes of Entity antirrebotes is up to date.

=========================================================================
*                     Design Hierarchy Analysis                         *
=========================================================================
Analyzing hierarchy for entity <ANTIRREBOTES> in library <work> (architecture <a_antirrebotes>) with generics.
	SIMULAR = '0'


=========================================================================
*                            HDL Analysis                               *
=========================================================================
Analyzing generic Entity <ANTIRREBOTES> in library <work> (Architecture <a_antirrebotes>).
	SIMULAR = '0'
Entity <ANTIRREBOTES> analyzed. Unit <ANTIRREBOTES> generated.


=========================================================================
*                           HDL Synthesis                               *
=========================================================================

Performing bidirectional port resolution...

Synthesizing Unit <ANTIRREBOTES>.
    Related source file is "C:/Documents and Settings/BASICA1/Escritorio/Practica6/Antirebote.vhd".
    Found 21-bit up counter for signal <CONTADOR_1>.
    Found 21-bit up counter for signal <CONTADOR_2>.
    Found 1-bit register for signal <HC_1>.
    Found 1-bit register for signal <HC_2>.
    Summary:
	inferred   2 Counter(s).
	inferred   2 D-type flip-flop(s).
Unit <ANTIRREBOTES> synthesized.


=========================================================================
HDL Synthesis Report

Macro Statistics
# Counters                                             : 2
 21-bit up counter                                     : 2
# Registers                                            : 2
 1-bit register                                        : 2

=========================================================================

=========================================================================
*                       Advanced HDL Synthesis                          *
=========================================================================


=========================================================================
Advanced HDL Synthesis Report

Macro Statistics
# Counters                                             : 2
 21-bit up counter                                     : 2
# Registers                                            : 2
 Flip-Flops                                            : 2

=========================================================================

=========================================================================
*                         Low Level Synthesis                           *
=========================================================================

Optimizing unit <ANTIRREBOTES> ...

Mapping all equations...
Building and optimizing final netlist ...
Found area constraint ratio of 100 (+ 5) on block ANTIRREBOTES, actual ratio is 0.
FlipFlop HC_1 has been replicated 1 time(s) to handle iob=true attribute.

Final Macro Processing ...

=========================================================================
Final Register Report

Macro Statistics
# Registers                                            : 45
 Flip-Flops                                            : 45

=========================================================================

=========================================================================
*                           Partition Report                            *
=========================================================================

Partition Implementation Status
-------------------------------

  No Partitions were found in this design.

-------------------------------

=========================================================================
*                            Final Report                               *
=========================================================================
Final Results
RTL Top Level Output File Name     : ANTIRREBOTES.ngr
Top Level Output File Name         : ANTIRREBOTES
Output Format                      : NGC
Optimization Goal                  : Speed
Keep Hierarchy                     : No

Design Statistics
# IOs                              : 3

Cell Usage :
# BELS                             : 128
#      GND                         : 1
#      INV                         : 4
#      LUT1                        : 40
#      MUXCY                       : 40
#      VCC                         : 1
#      XORCY                       : 42
# FlipFlops/Latches                : 45
#      FDC                         : 2
#      FDC_1                       : 1
#      FDCE                        : 42
# Clock Buffers                    : 2
#      BUFGP                       : 2
# IO Buffers                       : 1
#      OBUF                        : 1
=========================================================================

Device utilization summary:
---------------------------

Selected Device : 3s500efg320-4 

 Number of Slices:                       24  out of   4656     0%  
 Number of Slice Flip Flops:             44  out of   9312     0%  
 Number of 4 input LUTs:                 44  out of   9312     0%  
 Number of IOs:                           3
 Number of bonded IOBs:                   3  out of    232     1%  
    IOB Flip Flops:                       1
 Number of GCLKs:                         2  out of     24     8%  

---------------------------
Partition Resource Summary:
---------------------------

  No Partitions were found in this design.

---------------------------


=========================================================================
TIMING REPORT

NOTE: THESE TIMING NUMBERS ARE ONLY A SYNTHESIS ESTIMATE.
      FOR ACCURATE TIMING INFORMATION PLEASE REFER TO THE TRACE REPORT
      GENERATED AFTER PLACE-and-ROUTE.

Clock Information:
------------------
-----------------------------------+------------------------+-------+
Clock Signal                       | Clock buffer(FF name)  | Load  |
-----------------------------------+------------------------+-------+
E                                  | BUFGP                  | 3     |
CLK_50MHZ                          | BUFGP                  | 42    |
-----------------------------------+------------------------+-------+

Asynchronous Control Signals Information:
----------------------------------------
-----------------------------------------------+------------------------+-------+
Control Signal                                 | Buffer(FF name)        | Load  |
-----------------------------------------------+------------------------+-------+
CONTADOR_1<20>_inv(CONTADOR_1<20>_inv1_INV_0:O)| NONE(CONTADOR_2_0)     | 22    |
S_inv(S_inv1_INV_0:O)                          | NONE(CONTADOR_1_0)     | 21    |
CONTADOR_2_20(CONTADOR_2_20:Q)                 | NONE(HC_1)             | 2     |
-----------------------------------------------+------------------------+-------+

Timing Summary:
---------------
Speed Grade: -4

   Minimum period: 4.528ns (Maximum Frequency: 220.848MHz)
   Minimum input arrival time before clock: No path found
   Maximum output required time after clock: 4.283ns
   Maximum combinational path delay: No path found

Timing Detail:
--------------
All values displayed in nanoseconds (ns)

=========================================================================
Timing constraint: Default period analysis for Clock 'CLK_50MHZ'
  Clock period: 4.528ns (frequency: 220.848MHz)
  Total number of paths / destination ports: 483 / 63
-------------------------------------------------------------------------
Delay:               4.528ns (Levels of Logic = 21)
  Source:            CONTADOR_1_1 (FF)
  Destination:       CONTADOR_1_20 (FF)
  Source Clock:      CLK_50MHZ rising
  Destination Clock: CLK_50MHZ rising

  Data Path: CONTADOR_1_1 to CONTADOR_1_20
                                Gate     Net
    Cell:in->out      fanout   Delay   Delay  Logical Name (Net Name)
    ----------------------------------------  ------------
     FDCE:C->Q             1   0.591   0.595  CONTADOR_1_1 (CONTADOR_1_1)
     LUT1:I0->O            1   0.704   0.000  Mcount_CONTADOR_1_cy<1>_rt (Mcount_CONTADOR_1_cy<1>_rt)
     MUXCY:S->O            1   0.464   0.000  Mcount_CONTADOR_1_cy<1> (Mcount_CONTADOR_1_cy<1>)
     MUXCY:CI->O           1   0.059   0.000  Mcount_CONTADOR_1_cy<2> (Mcount_CONTADOR_1_cy<2>)
     MUXCY:CI->O           1   0.059   0.000  Mcount_CONTADOR_1_cy<3> (Mcount_CONTADOR_1_cy<3>)
     MUXCY:CI->O           1   0.059   0.000  Mcount_CONTADOR_1_cy<4> (Mcount_CONTADOR_1_cy<4>)
     MUXCY:CI->O           1   0.059   0.000  Mcount_CONTADOR_1_cy<5> (Mcount_CONTADOR_1_cy<5>)
     MUXCY:CI->O           1   0.059   0.000  Mcount_CONTADOR_1_cy<6> (Mcount_CONTADOR_1_cy<6>)
     MUXCY:CI->O           1   0.059   0.000  Mcount_CONTADOR_1_cy<7> (Mcount_CONTADOR_1_cy<7>)
     MUXCY:CI->O           1   0.059   0.000  Mcount_CONTADOR_1_cy<8> (Mcount_CONTADOR_1_cy<8>)
     MUXCY:CI->O           1   0.059   0.000  Mcount_CONTADOR_1_cy<9> (Mcount_CONTADOR_1_cy<9>)
     MUXCY:CI->O           1   0.059   0.000  Mcount_CONTADOR_1_cy<10> (Mcount_CONTADOR_1_cy<10>)
     MUXCY:CI->O           1   0.059   0.000  Mcount_CONTADOR_1_cy<11> (Mcount_CONTADOR_1_cy<11>)
     MUXCY:CI->O           1   0.059   0.000  Mcount_CONTADOR_1_cy<12> (Mcount_CONTADOR_1_cy<12>)
     MUXCY:CI->O           1   0.059   0.000  Mcount_CONTADOR_1_cy<13> (Mcount_CONTADOR_1_cy<13>)
     MUXCY:CI->O           1   0.059   0.000  Mcount_CONTADOR_1_cy<14> (Mcount_CONTADOR_1_cy<14>)
     MUXCY:CI->O           1   0.059   0.000  Mcount_CONTADOR_1_cy<15> (Mcount_CONTADOR_1_cy<15>)
     MUXCY:CI->O           1   0.059   0.000  Mcount_CONTADOR_1_cy<16> (Mcount_CONTADOR_1_cy<16>)
     MUXCY:CI->O           1   0.059   0.000  Mcount_CONTADOR_1_cy<17> (Mcount_CONTADOR_1_cy<17>)
     MUXCY:CI->O           1   0.059   0.000  Mcount_CONTADOR_1_cy<18> (Mcount_CONTADOR_1_cy<18>)
     MUXCY:CI->O           0   0.059   0.000  Mcount_CONTADOR_1_cy<19> (Mcount_CONTADOR_1_cy<19>)
     XORCY:CI->O           1   0.804   0.000  Mcount_CONTADOR_1_xor<20> (Result<20>)
     FDCE:D                    0.308          CONTADOR_1_20
    ----------------------------------------
    Total                      4.528ns (3.933ns logic, 0.595ns route)
                                       (86.9% logic, 13.1% route)

=========================================================================
Timing constraint: Default OFFSET OUT AFTER for Clock 'E'
  Total number of paths / destination ports: 1 / 1
-------------------------------------------------------------------------
Offset:              4.283ns (Levels of Logic = 1)
  Source:            HC_1_1 (FF)
  Destination:       S (PAD)
  Source Clock:      E rising

  Data Path: HC_1_1 to S
                                Gate     Net
    Cell:in->out      fanout   Delay   Delay  Logical Name (Net Name)
    ----------------------------------------  ------------
     FDC:C->Q              1   0.591   0.420  HC_1_1 (HC_1_1)
     OBUF:I->O                 3.272          S_OBUF (S)
    ----------------------------------------
    Total                      4.283ns (3.863ns logic, 0.420ns route)
                                       (90.2% logic, 9.8% route)

=========================================================================


Total REAL time to Xst completion: 4.00 secs
Total CPU time to Xst completion: 4.48 secs
 
--> 

Total memory usage is 146848 kilobytes

Number of errors   :    0 (   0 filtered)
Number of warnings :    2 (   0 filtered)
Number of infos    :    0 (   0 filtered)

